LTspice 26.0.2 for Windows
Circuit: I:\Work\Job\Projects\Analog\PMOS\idvds_pmos.net
Start Time: Sat May  9 18:59:24 2026
solver = Normal
Maximum thread count: 12
tnom = 27
temp = 27
method = trap
Warning: Pd = 0 is less than W.
Warning: Ps = 0 is less than W.
.step VGS=0.5 
.step VGS=0.7 
.step VGS=0.9 
.step VGS=1.1 
.step VGS=1.3 
.step VGS=1.5 
Total elapsed time: 0.246 seconds.

Files loaded:
I:\Work\Job\Projects\Analog\PMOS\idvds_pmos.net
C:\Users\Inam\AppData\Local\LTspice\lib\cmp\standard.mos
I:\Work\Job\Projects\Analog\PMOS\tsmc_180nm.lib

